// Jest Snapshot v1, https://goo.gl/fbAQLP

exports[`renders correctly 1`] = `
Array [
  <div
    className="sc-hcevGk hlyZmQ"
  >
    <img
      className="sc-cfZGEC hMegRr"
      src="pawel-czerwinski-GHLapgsw0dg-unsplash-optimized.jpg"
    />
  </div>,
  <section
    className="sc-koaBLD brSmmN"
  >
    <div
      className="sc-hcevGk sc-oHXjo bEBkpf kuuuFX"
    >
      <div
        className="sc-hcevGk cIDvdt"
      >
        <img
          alt="Luigi Derson Logo"
          height="60px"
          src="luigi-derson_logo.svg"
        />
      </div>
      <h2
        className="sc-dYzljZ bhbwzu"
      >
        &gt; Comitting changes...
      </h2>
      <p
        className="sc-cRcunm"
      >
        Building a new visual experience
      </p>
    </div>
  </section>,
  <footer
    className="sc-hcevGk sc-oHXjo sc-kTaSZA bHVYYe fJkfGG eQnJUa"
  >
    <ul
      className="sc-hcevGk sc-oHXjo sc-ha-DqYV  ejnswD eMrWzr"
    >
      <li>
        <a
          href="http://www.luigiderson.dev"
        >
          <svg
            aria-hidden="true"
            className="sc-eWVKcp jepRF"
            dangerouslySetInnerHTML={
              Object {
                "__html": "<path fill-rule=\\"evenodd\\" d=\\"M1.75 3A1.75 1.75 0 000 4.75v14c0 .966.784 1.75 1.75 1.75h20.5A1.75 1.75 0 0024 18.75v-14A1.75 1.75 0 0022.25 3H1.75zM1.5 4.75a.25.25 0 01.25-.25h20.5a.25.25 0 01.25.25v.852l-10.36 7a.25.25 0 01-.28 0l-10.36-7V4.75zm0 2.662V18.75c0 .138.112.25.25.25h20.5a.25.25 0 00.25-.25V7.412l-9.52 6.433c-.592.4-1.368.4-1.96 0L1.5 7.412z\\"></path>",
              }
            }
            fill="currentColor"
            height={24}
            role="img"
            style={
              Object {
                "display": "inline-block",
                "userSelect": "none",
                "verticalAlign": "text-bottom",
              }
            }
            viewBox="0 0 24 24"
            width={24}
          />
        </a>
      </li>
      <li>
        <a
          href="http://www.luigiderson.dev"
        >
          <svg
            aria-hidden="true"
            className="sc-iGctRS UTlxZ"
            dangerouslySetInnerHTML={
              Object {
                "__html": "<path fill-rule=\\"evenodd\\" d=\\"M8 0C3.58 0 0 3.58 0 8c0 3.54 2.29 6.53 5.47 7.59.4.07.55-.17.55-.38 0-.19-.01-.82-.01-1.49-2.01.37-2.53-.49-2.69-.94-.09-.23-.48-.94-.82-1.13-.28-.15-.68-.52-.01-.53.63-.01 1.08.58 1.23.82.72 1.21 1.87.87 2.33.66.07-.52.28-.87.51-1.07-1.78-.2-3.64-.89-3.64-3.95 0-.87.31-1.59.82-2.15-.08-.2-.36-1.02.08-2.12 0 0 .67-.21 2.2.82.64-.18 1.32-.27 2-.27.68 0 1.36.09 2 .27 1.53-1.04 2.2-.82 2.2-.82.44 1.1.16 1.92.08 2.12.51.56.82 1.27.82 2.15 0 3.07-1.87 3.75-3.65 3.95.29.25.54.73.54 1.48 0 1.07-.01 1.93-.01 2.2 0 .21.15.46.55.38A8.013 8.013 0 0016 8c0-4.42-3.58-8-8-8z\\"></path>",
              }
            }
            fill="currentColor"
            height={23}
            role="img"
            style={
              Object {
                "display": "inline-block",
                "userSelect": "none",
                "verticalAlign": "text-bottom",
              }
            }
            viewBox="0 0 16 16"
            width={23}
          />
        </a>
      </li>
    </ul>
    <span
      className="sc-hLGeHF tdnso"
      display="block"
      fontSize="xs"
    >
      Background by
       
      <a
        href="https://unsplash.com/@pawel_czerwinski"
        rel="noreferrer norel"
        target="_blank"
      >
        Paweł Czerwiński
      </a>
    </span>
  </footer>,
]
`;
